<?xml version="1.0" encoding="UTF-8"?><testsuite name="nosetests" tests="8" errors="0" failures="0" skip="0"><testcase classname="integration.component.test_project_limits.TestMaxProjectNetworks" name="test_maxAccountNetworks" time="70.831"></testcase><testcase classname="integration.component.test_project_limits.TestProjectLimits" name="test_01_project_limits" time="4.156"></testcase><testcase classname="integration.component.test_project_limits.TestProjectLimits" name="test_02_project_limits_normal_user" time="4.509"></testcase><testcase classname="integration.component.test_project_limits.TestResourceLimitsProject" name="test_03_vm_per_project" time="82.048"></testcase><testcase classname="integration.component.test_project_limits.TestResourceLimitsProject" name="test_04_publicip_per_project" time="42.156"></testcase><testcase classname="integration.component.test_project_limits.TestResourceLimitsProject" name="test_05_snapshots_per_project" time="44.474"></testcase><testcase classname="integration.component.test_project_limits.TestResourceLimitsProject" name="test_06_volumes_per_project" time="49.082"></testcase><testcase classname="integration.component.test_project_limits.TestResourceLimitsProject" name="test_07_templates_per_project" time="67.112"></testcase></testsuite>